Microchip MPLAB XC8 Compiler V2.10 ()

Linker command line:

-W-3 --edf=C:\Program Files (x86)\Microchip\xc8\v2.10\pic\dat\en_msgs.txt \
  -cs -h+dist/default/production\lab11_2.X.production.sym \
  --cmf=dist/default/production\lab11_2.X.production.cmf -z -Q18F4520 \
  -oC:\Users\Richard\AppData\Local\Temp\s70o.2 --defsym=__MPLAB_BUILD=1 \
  -Mdist/default/production/lab11_2.X.production.map -E1 -ver=XC8 \
  --acfsm=1493 -ASTACK=01E8h-05FFh -pstack=STACK -ACODE=00h-07FFFh \
  -ACONST=00h-07FFFh -ASMALLCONST=0600h-06FFhx122 \
  -AMEDIUMCONST=0600h-07FFFh -ACOMRAM=01h-07Fh -AABS1=00h-05FFh \
  -ABIGRAM=01h-05FFh -ARAM=080h-0FFh,0100h-01FFhx5 -ABANK0=080h-0FFh \
  -ABANK1=0100h-01FFh -ABANK2=0200h-02FFh -ABANK3=0300h-03FFh \
  -ABANK4=0400h-04FFh -ABANK5=0500h-05FFh -ASFR=0F80h-0FFFh \
  -preset_vec=00h,intcode=08h,intcodelo=018h,powerup,init -pramtop=0600h \
  -psmallconst=SMALLCONST -pmediumconst=MEDIUMCONST -pconst=CONST \
  -AFARRAM=00h-00h -ACONFIG=0300000h-030000Dh -pconfig=CONFIG \
  -AIDLOC=0200000h-0200007h -pidloc=IDLOC -AEEDATA=0F00000h-0F000FFh \
  -peeprom_data=EEDATA \
  -prdata=COMRAM,nvrram=COMRAM,nvbit=COMRAM,rbss=COMRAM,rbit=COMRAM \
  -pfarbss=FARRAM,fardata=FARRAM,nvFARRAM=FARRAM \
  -pintsave_regs=BIGRAM,bigbss=BIGRAM,bigdata=BIGRAM -pbss=RAM \
  -pidata=CODE,irdata=CODE,ibigdata=CODE,ifardata=CODE -prparam=COMRAM \
  C:\Users\Richard\AppData\Local\Temp\s70o.o \
  dist/default/production\lab11_2.X.production.o 

Object code version is 3.11

Machine type is 18F4520

Call graph: (short form)




                Name                               Link     Load   Length Selector   Space Scale
C:\Users\Richard\AppData\Local\Temp\s70o.o
                init                                 7E       7E        4        C       0
                reset_vec                             0        0        4        0       0
                idloc                            200000   200000        8   200000       0
                config                           300000   300000        E   300000       0
dist/default/production\lab11_2.X.production.o
                intcodelo                            18       18       66        C       0
                intcode                               8        8        6        4       0
                temp                                 71       71        1        1       1
                smallconst                          600      600       A8      300       0
                intcode_body                       7BD4     7BD4       20      354       0
                text62                             71B6     71B6       B0      354       0
                text61                             6B70     6B70      122      354       0
                text59                             7C20     7C20       14      354       0
                text58                             7C62     7C62        A      354       0
                text57                             7622     7622       84      354       0
                text56                             7C58     7C58        A      354       0
                text55                             7C34     7C34        E      354       0
                text54                             7C0A     7C0A       16      354       0
                text53                             7C42     7C42        C      354       0
                text52                             7C74     7C74        8      354       0
                text51                             7C6C     7C6C        8      354       0
                text50                             7B64     7B64       28      354       0
                text49                             7BF4     7BF4       16      354       0
                text48                             46C0     46C0      4C2      354       0
                text47                             5366     5366      39A      354       0
                text46                             4B82     4B82      42A      354       0
                text45                             6DAC     6DAC      106      354       0
                text44                             63F4     63F4      1B4      354       0
                text43                             70B6     70B6      100      354       0
                text42                             6FB6     6FB6      100      354       0
                text41                             7C4E     7C4E        A      354       0
                text40                             795C     795C       40      354       0
                text39                             6EB2     6EB2      104      354       0
                text38                             7AF8     7AF8       38      354       0
                text37                             7890     7890       48      354       0
                text36                             4FAC     4FAC      3BA      354       0
                text35                             623A     623A      1BA      354       0
                text34                             7C7C     7C7C        6      354       0
                text33                             7504     7504       96      354       0
                text32                             783E     783E       52      354       0
                text31                             759A     759A       88      354       0
                text30                             73BE     73BE       A8      354       0
                text29                             7314     7314       AA      354       0
                text28                             7716     7716       6A      354       0
                text27                             7B8C     7B8C       26      354       0
                text26                             7AC0     7AC0       38      354       0
                text25                             76A6     76A6       70      354       0
                text24                             7BB2     7BB2       22      354       0
                text23                             7A88     7A88       38      354       0
                text22                             77E0     77E0       5E      354       0
                text21                             3020     3020     117E      354       0
                text20                             59B2     59B2      2A6      354       0
                text19                             6A3C     6A3C      134      354       0
                text18                             7466     7466       9E      354       0
                text17                             79DA     79DA       3C      354       0
                text16                             419E     419E      522      354       0
                text15                             791A     791A       42      354       0
                text14                             5E6C     5E6C      214      354       0
                text13                             6756     6756      190      354       0
                text12                             78D8     78D8       42      354       0
                text11                             6080     6080      1BA      354       0
                text10                             68E6     68E6      156      354       0
                text9                              5C58     5C58      214      354       0
                text8                              65A8     65A8      1AE      354       0
                text7                              6C92     6C92      11A      354       0
                text6                              7A50     7A50       38      354       0
                text5                              7780     7780       60      354       0
                text4                               6A8      6A8     2978      354       0
                text3                              7266     7266       AE      354       0
                text2                              7A16     7A16       3A      354       0
                text1                              799C     799C       3E      354       0
                text0                              5700     5700      2B2      354       0
                cstackCOMRAM                          1        1       62        1       1
                cstackBANK0                          80       80       77       80       1
                cstackBANK1                         1CC      1CC       1C      100       1
                bssBANK1                            100      100       CC      100       1
                bssBANK0                             F7       F7        6       80       1
                bssCOMRAM                            63       63        E        1       1
                cinit                              7B30     7B30       34      354       0

TOTAL           Name                               Link     Load   Length     Space
        CLASS   STACK          

        CLASS   CODE           
                intcodelo                            18       18       66         0
                intcode                               8        8        6         0
                init                                 7E       7E        4         0
                reset_vec                             0        0        4         0
                intcode_body                       7BD4     7BD4       20         0
                text62                             71B6     71B6       B0         0
                text61                             6B70     6B70      122         0
                text59                             7C20     7C20       14         0
                text58                             7C62     7C62        A         0
                text57                             7622     7622       84         0
                text56                             7C58     7C58        A         0
                text55                             7C34     7C34        E         0
                text54                             7C0A     7C0A       16         0
                text53                             7C42     7C42        C         0
                text52                             7C74     7C74        8         0
                text51                             7C6C     7C6C        8         0
                text50                             7B64     7B64       28         0
                text49                             7BF4     7BF4       16         0
                text48                             46C0     46C0      4C2         0
                text47                             5366     5366      39A         0
                text46                             4B82     4B82      42A         0
                text45                             6DAC     6DAC      106         0
                text44                             63F4     63F4      1B4         0
                text43                             70B6     70B6      100         0
                text42                             6FB6     6FB6      100         0
                text41                             7C4E     7C4E        A         0
                text40                             795C     795C       40         0
                text39                             6EB2     6EB2      104         0
                text38                             7AF8     7AF8       38         0
                text37                             7890     7890       48         0
                text36                             4FAC     4FAC      3BA         0
                text35                             623A     623A      1BA         0
                text34                             7C7C     7C7C        6         0
                text33                             7504     7504       96         0
                text32                             783E     783E       52         0
                text31                             759A     759A       88         0
                text30                             73BE     73BE       A8         0
                text29                             7314     7314       AA         0
                text28                             7716     7716       6A         0
                text27                             7B8C     7B8C       26         0
                text26                             7AC0     7AC0       38         0
                text25                             76A6     76A6       70         0
                text24                             7BB2     7BB2       22         0
                text23                             7A88     7A88       38         0
                text22                             77E0     77E0       5E         0
                text21                             3020     3020     117E         0
                text20                             59B2     59B2      2A6         0
                text19                             6A3C     6A3C      134         0
                text18                             7466     7466       9E         0
                text17                             79DA     79DA       3C         0
                text16                             419E     419E      522         0
                text15                             791A     791A       42         0
                text14                             5E6C     5E6C      214         0
                text13                             6756     6756      190         0
                text12                             78D8     78D8       42         0
                text11                             6080     6080      1BA         0
                text10                             68E6     68E6      156         0
                text9                              5C58     5C58      214         0
                text8                              65A8     65A8      1AE         0
                text7                              6C92     6C92      11A         0
                text6                              7A50     7A50       38         0
                text5                              7780     7780       60         0
                text4                               6A8      6A8     2978         0
                text3                              7266     7266       AE         0
                text2                              7A16     7A16       3A         0
                text1                              799C     799C       3E         0
                text0                              5700     5700      2B2         0
                cinit                              7B30     7B30       34         0

        CLASS   CONST          

        CLASS   SMALLCONST     
                smallconst                          600      600       A8         0

        CLASS   MEDIUMCONST    

        CLASS   COMRAM         
                temp                                 71       71        1         1
                cstackCOMRAM                          1        1       62         1
                bssCOMRAM                            63       63        E         1

        CLASS   ABS1           

        CLASS   BIGRAM         

        CLASS   RAM            

        CLASS   BANK0          
                cstackBANK0                          80       80       77         1
                bssBANK0                             F7       F7        6         1

        CLASS   BANK1          
                cstackBANK1                         1CC      1CC       1C         1
                bssBANK1                            100      100       CC         1

        CLASS   BANK2          

        CLASS   BANK3          

        CLASS   BANK4          

        CLASS   BANK5          

        CLASS   SFR            

        CLASS   FARRAM         

        CLASS   CONFIG         
                config                           300000   300000        E         0

        CLASS   IDLOC          
                idloc                            200000   200000        8         0

        CLASS   EEDATA         



SEGMENTS        Name                           Load    Length   Top    Selector   Space  Class

                reset_vec                      000000  000004  000004         0       0  CODE    
                cstackCOMRAM                   000001  000071  000072         1       1  COMRAM  
                intcode                        000008  000006  00000E         4       0  CODE    
                intcodelo                      000018  00006A  000082         C       0  CODE    
                cstackBANK0                    000080  00007D  0000FD        80       1  BANK0   
                bssBANK1                       000100  0000E8  0001E8       100       1  BANK1   
                smallconst                     000600  0000A8  0006A8       300       0  SMALLCON
                text4                          0006A8  0075DA  007C82       354       0  CODE    
                idloc                          200000  000008  200008    200000       0  IDLOC   
                config                         300000  00000E  30000E    300000       0  CONFIG  


UNUSED ADDRESS RANGES

        Name                Unused          Largest block    Delta
        BANK0            0000FD-0000FF                3
        BANK1            0001E8-0001FF               18
        BANK2            000200-0002FF              100
        BANK3            000300-0003FF              100
        BANK4            000400-0004FF              100
        BANK5            000500-0005FF              100
        BIGRAM           000072-00007F                E
                         0000FD-0000FF                3
                         0001E8-0005FF              418
        CODE             000004-000007                4
                         00000E-000017                A
                         000082-0005FF              57E
                         007C82-007FFF              37E
        COMRAM           000072-00007F                E
        CONST            000004-000007                4
                         00000E-000017                A
                         000082-0005FF              57E
                         007C82-007FFF              37E
        EEDATA           F00000-F000FF              100
        MEDIUMCONST      007C82-007FFF              37E
        RAM              0000FD-0000FF                3
                         0001E8-0005FF              100
        SFR              000F80-000FFF               80
        SMALLCONST       007C82-007FFF              100
        STACK            0001E8-0005FF              418

                                  Symbol Table

?_ADGetString                   cstackCOMRAM 00000F
?_GetString                     cstackCOMRAM 00000F
?_WSGetString                   cstackCOMRAM 00000F
?___awmod                       cstackCOMRAM 000001
?___fladd                       cstackBANK0  000080
?___fldiv                       cstackCOMRAM 000044
?___flmul                       cstackCOMRAM 00000F
?___flneg                       cstackCOMRAM 00000F
?___flsub                       cstackBANK0  00008C
?___fltol                       cstackCOMRAM 000028
?___lmul                        cstackCOMRAM 00000F
?___omul                        cstackCOMRAM 00000F
?___strtoxll                    cstackCOMRAM 000027
?___wmul                        cstackCOMRAM 00000F
?___xxtofl                      cstackCOMRAM 000036
?_abs                           cstackCOMRAM 000032
?_atoaefg                       cstackBANK0  0000A2
?_atoc                          cstackCOMRAM 00001A
?_atod                          cstackCOMRAM 00005C
?_atoi                          cstackCOMRAM 000016
?_atoo                          cstackCOMRAM 00005C
?_atos                          cstackCOMRAM 000025
?_atou                          cstackCOMRAM 00005C
?_atox                          cstackCOMRAM 00005C
?_fgetc                         cstackCOMRAM 000011
?_getch                         cstackCOMRAM 00000F
?_isalpha                       cstackCOMRAM 00000F
?_isdigit                       cstackCOMRAM 00000F
?_islower                       cstackCOMRAM 00000F
?_isspace                       cstackCOMRAM 00000F
?_isupper                       cstackCOMRAM 00000F
?_isxdigit                      cstackCOMRAM 00000F
?_nanf                          cstackCOMRAM 00000F
?_roundf                        cstackBANK0  000094
?_setPeriodTo                   cstackBANK0  0000AE
?_sscanf                        cstackBANK1  0001CC
?_strncmp                       cstackCOMRAM 00000F
?_strtof                        cstackCOMRAM 00005D
?_strtoll                       cstackBANK0  000080
?_strtoull                      cstackBANK0  000080
?_tolower                       cstackCOMRAM 000015
?_toupper                       cstackCOMRAM 000015
?_vfscanf                       cstackBANK0  0000ED
?_vfsfcnvrt                     cstackBANK0  0000BA
ClearBuffer@i                   cstackCOMRAM 00000F
SetDutyCycleTo2@Duty_cycle      cstackBANK0  00008C
SetDutyCycleTo2@PWM10BitValue   cstackBANK0  000096
SetDutyCycleTo2@Period          cstackBANK0  000090
SetDutyCycleTo@Duty_cycle       cstackBANK0  00008C
SetDutyCycleTo@PWM10BitValue    cstackBANK0  000096
SetDutyCycleTo@Period           cstackBANK0  000090
_ADCON0                         (abs)        000FC2
_ADCON0bits                     (abs)        000FC2
_ADCON1                         (abs)        000FC1
_ADCON2                         (abs)        000FC0
_ADCON2bits                     (abs)        000FC0
_ADC_Init                       text59       007C20
_ADC_Initialize                 text54       007C0A
_ADFM                           (abs)        007E07
_ADGetString                    text58       007C62
_ADON                           (abs)        007E10
_ADRESH                         (abs)        000FC4
_ADRESL                         (abs)        000FC3
_BAUDCONbits                    (abs)        000FB8
_CCP1CON                        (abs)        000FBD
_CCP1_Initialize                text53       007C42
_CCP2CON                        (abs)        000FBA
_CCPR1L                         (abs)        000FBE
_CCPR2L                         (abs)        000FBB
_CREN                           (abs)        007D5C
_ClearBuffer                    text57       007622
_GO                             (abs)        007E11
_GetString                      text56       007C58
_Hi_ISR                         intcode      000008
_INTCON2                        (abs)        000FF1
_INTCONbits                     (abs)        000FF2
_INTERRUPT_Initialize           text52       007C74
_IPR1bits                       (abs)        000F9F
_IRCF0                          (abs)        007E9C
_IRCF1                          (abs)        007E9D
_IRCF2                          (abs)        007E9E
_LATD                           (abs)        000F8C
_Lo_ISR                         intcodelo    000018
_MyusartRead                    text61       006B70
_OSCCON                         (abs)        000FD3
_OSCILLATOR_Initialize          text51       007C6C
_PIE1bits                       (abs)        000F9D
_PIR1bits                       (abs)        000F9E
_PORTBbits                      (abs)        000F81
_PR2                            (abs)        000FCB
_PWM_Init                       text55       007C34
_RC2                            (abs)        007C12
_RCIF                           (abs)        007CF5
_RCONbits                       (abs)        000FD0
_RCREG                          (abs)        000FAE
_RCSTAbits                      (abs)        000FAB
_SPBRG                          (abs)        000FAF
_SYSTEM_Initialize              text49       007BF4
_SetDutyCycleTo                 text43       0070B6
_SetDutyCycleTo$2557            cstackBANK0  000092
_SetDutyCycleTo2                text42       006FB6
_SetDutyCycleTo2$2558           cstackBANK0  000092
_T2CON                          (abs)        000FCA
_T2CONbits                      (abs)        000FCA
_TMR2                           (abs)        000FCC
_TMR3                           (abs)        000FB2
_TRISA                          (abs)        000F92
_TRISBbits                      (abs)        000F93
_TRISCbits                      (abs)        000F94
_TRISD                          (abs)        000F95
_TXREG                          (abs)        000FAD
_TXSTAbits                      (abs)        000FAC
_UART_Initialize                text50       007B64
_WSGetString                    text41       007C4E
__CFG_BOREN$SBORDIS             (abs)        000000
__CFG_BORV$3                    (abs)        000000
__CFG_CCP2MX$PORTC              (abs)        000000
__CFG_CP0$OFF                   (abs)        000000
__CFG_CP1$OFF                   (abs)        000000
__CFG_CP2$OFF                   (abs)        000000
__CFG_CP3$OFF                   (abs)        000000
__CFG_CPB$OFF                   (abs)        000000
__CFG_CPD$OFF                   (abs)        000000
__CFG_EBTR0$OFF                 (abs)        000000
__CFG_EBTR1$OFF                 (abs)        000000
__CFG_EBTR2$OFF                 (abs)        000000
__CFG_EBTR3$OFF                 (abs)        000000
__CFG_EBTRB$OFF                 (abs)        000000
__CFG_FCMEN$OFF                 (abs)        000000
__CFG_IESO$ON                   (abs)        000000
__CFG_LPT1OSC$OFF               (abs)        000000
__CFG_LVP$OFF                   (abs)        000000
__CFG_MCLRE$ON                  (abs)        000000
__CFG_OSC$INTIO67               (abs)        000000
__CFG_PBADEN$ON                 (abs)        000000
__CFG_PWRT$OFF                  (abs)        000000
__CFG_STVREN$ON                 (abs)        000000
__CFG_WDT$OFF                   (abs)        000000
__CFG_WDTPS$1                   (abs)        000000
__CFG_WRT0$OFF                  (abs)        000000
__CFG_WRT1$OFF                  (abs)        000000
__CFG_WRT2$OFF                  (abs)        000000
__CFG_WRT3$OFF                  (abs)        000000
__CFG_WRTB$OFF                  (abs)        000000
__CFG_WRTC$OFF                  (abs)        000000
__CFG_WRTD$OFF                  (abs)        000000
__CFG_XINST$OFF                 (abs)        000000
__HRAM                          (abs)        000000
__Habs1                         abs1         000000
__Hbank0                        bank0        000000
__Hbank1                        bank1        000000
__Hbank2                        bank2        000000
__Hbank3                        bank3        000000
__Hbank4                        bank4        000000
__Hbank5                        bank5        000000
__Hbigbss                       bigbss       000000
__Hbigdata                      bigdata      000000
__Hbigram                       bigram       000000
__Hbss                          bss          000000
__HbssBANK0                     bssBANK0     000000
__HbssBANK1                     bssBANK1     000000
__HbssCOMRAM                    bssCOMRAM    000000
__Hcinit                        cinit        000000
__Hclrtext                      clrtext      000000
__Hcomram                       comram       000000
__Hconfig                       config       30000E
__Hconst                        const        000000
__HcstackBANK0                  cstackBANK0  000000
__HcstackBANK1                  cstackBANK1  000000
__HcstackCOMRAM                 cstackCOMRAM 000000
__Hdata                         data         000000
__Heeprom_data                  eeprom_data  000000
__Hfarbss                       farbss       000000
__Hfardata                      fardata      000000
__Hibigdata                     ibigdata     000000
__Hidata                        idata        000000
__Hidloc                        idloc        200008
__Hifardata                     ifardata     000000
__Hinit                         init         000082
__Hintcode                      intcode      00000E
__Hintcode_body                 intcode_body 000000
__Hintcodelo                    intcodelo    00007E
__Hintentry                     intentry     000000
__Hintret                       intret       000000
__Hintsave_regs                 intsave_regs 000000
__Hirdata                       irdata       000000
__Hmediumconst                  mediumconst  000000
__HnvFARRAM                     nvFARRAM     000000
__Hnvbit                        nvbit        000000
__Hnvrram                       nvrram       000000
__Hparam                        rparam       000000
__Hpowerup                      powerup      00007E
__Hram                          ram          000000
__Hramtop                       ramtop       000600
__Hrbit                         rbit         000000
__Hrbss                         rbss         000000
__Hrdata                        rdata        000000
__Hreset_vec                    reset_vec    000004
__Hrparam                       rparam       000000
__Hsfr                          sfr          000000
__Hsmallconst                   smallconst   0006A8
__Hspace_0                      (abs)        30000E
__Hspace_1                      (abs)        0001E8
__Hspace_2                      (abs)        000000
__Hstack                        stack        000000
__Hstruct                       struct       000000
__Htemp                         temp         000072
__Htext                         text         000000
__Htext0                        text0        000000
__Htext1                        text1        000000
__Htext10                       text10       000000
__Htext11                       text11       000000
__Htext12                       text12       000000
__Htext13                       text13       000000
__Htext14                       text14       000000
__Htext15                       text15       000000
__Htext16                       text16       000000
__Htext17                       text17       000000
__Htext18                       text18       000000
__Htext19                       text19       000000
__Htext2                        text2        000000
__Htext20                       text20       000000
__Htext21                       text21       000000
__Htext22                       text22       000000
__Htext23                       text23       000000
__Htext24                       text24       000000
__Htext25                       text25       000000
__Htext26                       text26       000000
__Htext27                       text27       000000
__Htext28                       text28       000000
__Htext29                       text29       000000
__Htext3                        text3        000000
__Htext30                       text30       000000
__Htext31                       text31       000000
__Htext32                       text32       000000
__Htext33                       text33       000000
__Htext34                       text34       000000
__Htext35                       text35       000000
__Htext36                       text36       000000
__Htext37                       text37       000000
__Htext38                       text38       000000
__Htext39                       text39       000000
__Htext4                        text4        000000
__Htext40                       text40       000000
__Htext41                       text41       000000
__Htext42                       text42       000000
__Htext43                       text43       000000
__Htext44                       text44       000000
__Htext45                       text45       000000
__Htext46                       text46       000000
__Htext47                       text47       000000
__Htext48                       text48       000000
__Htext49                       text49       000000
__Htext5                        text5        000000
__Htext50                       text50       000000
__Htext51                       text51       000000
__Htext52                       text52       000000
__Htext53                       text53       000000
__Htext54                       text54       000000
__Htext55                       text55       000000
__Htext56                       text56       000000
__Htext57                       text57       000000
__Htext58                       text58       000000
__Htext59                       text59       000000
__Htext6                        text6        000000
__Htext61                       text61       000000
__Htext62                       text62       000000
__Htext7                        text7        000000
__Htext8                        text8        000000
__Htext9                        text9        000000
__LRAM                          (abs)        000001
__Labs1                         abs1         000000
__Lbank0                        bank0        000000
__Lbank1                        bank1        000000
__Lbank2                        bank2        000000
__Lbank3                        bank3        000000
__Lbank4                        bank4        000000
__Lbank5                        bank5        000000
__Lbigbss                       bigbss       000000
__Lbigdata                      bigdata      000000
__Lbigram                       bigram       000000
__Lbss                          bss          000000
__LbssBANK0                     bssBANK0     000000
__LbssBANK1                     bssBANK1     000000
__LbssCOMRAM                    bssCOMRAM    000000
__Lcinit                        cinit        000000
__Lclrtext                      clrtext      000000
__Lcomram                       comram       000000
__Lconfig                       config       300000
__Lconst                        const        000000
__LcstackBANK0                  cstackBANK0  000000
__LcstackBANK1                  cstackBANK1  000000
__LcstackCOMRAM                 cstackCOMRAM 000000
__Ldata                         data         000000
__Leeprom_data                  eeprom_data  000000
__Lfarbss                       farbss       000000
__Lfardata                      fardata      000000
__Libigdata                     ibigdata     000000
__Lidata                        idata        000000
__Lidloc                        idloc        200000
__Lifardata                     ifardata     000000
__Linit                         init         00007E
__Lintcode                      intcode      000008
__Lintcode_body                 intcode_body 000000
__Lintcodelo                    intcodelo    000018
__Lintentry                     intentry     000000
__Lintret                       intret       000000
__Lintsave_regs                 intsave_regs 000000
__Lirdata                       irdata       000000
__Lmediumconst                  mediumconst  000000
__LnvFARRAM                     nvFARRAM     000000
__Lnvbit                        nvbit        000000
__Lnvrram                       nvrram       000000
__Lparam                        rparam       000000
__Lpowerup                      powerup      00007E
__Lram                          ram          000000
__Lramtop                       ramtop       000600
__Lrbit                         rbit         000000
__Lrbss                         rbss         000000
__Lrdata                        rdata        000000
__Lreset_vec                    reset_vec    000000
__Lrparam                       rparam       000000
__Lsfr                          sfr          000000
__Lsmallconst                   smallconst   000600
__Lspace_0                      (abs)        000000
__Lspace_1                      (abs)        000000
__Lspace_2                      (abs)        000000
__Lstack                        stack        000000
__Lstruct                       struct       000000
__Ltemp                         temp         000071
__Ltext                         text         000000
__Ltext0                        text0        000000
__Ltext1                        text1        000000
__Ltext10                       text10       000000
__Ltext11                       text11       000000
__Ltext12                       text12       000000
__Ltext13                       text13       000000
__Ltext14                       text14       000000
__Ltext15                       text15       000000
__Ltext16                       text16       000000
__Ltext17                       text17       000000
__Ltext18                       text18       000000
__Ltext19                       text19       000000
__Ltext2                        text2        000000
__Ltext20                       text20       000000
__Ltext21                       text21       000000
__Ltext22                       text22       000000
__Ltext23                       text23       000000
__Ltext24                       text24       000000
__Ltext25                       text25       000000
__Ltext26                       text26       000000
__Ltext27                       text27       000000
__Ltext28                       text28       000000
__Ltext29                       text29       000000
__Ltext3                        text3        000000
__Ltext30                       text30       000000
__Ltext31                       text31       000000
__Ltext32                       text32       000000
__Ltext33                       text33       000000
__Ltext34                       text34       000000
__Ltext35                       text35       000000
__Ltext36                       text36       000000
__Ltext37                       text37       000000
__Ltext38                       text38       000000
__Ltext39                       text39       000000
__Ltext4                        text4        000000
__Ltext40                       text40       000000
__Ltext41                       text41       000000
__Ltext42                       text42       000000
__Ltext43                       text43       000000
__Ltext44                       text44       000000
__Ltext45                       text45       000000
__Ltext46                       text46       000000
__Ltext47                       text47       000000
__Ltext48                       text48       000000
__Ltext49                       text49       000000
__Ltext5                        text5        000000
__Ltext50                       text50       000000
__Ltext51                       text51       000000
__Ltext52                       text52       000000
__Ltext53                       text53       000000
__Ltext54                       text54       000000
__Ltext55                       text55       000000
__Ltext56                       text56       000000
__Ltext57                       text57       000000
__Ltext58                       text58       000000
__Ltext59                       text59       000000
__Ltext6                        text6        000000
__Ltext61                       text61       000000
__Ltext62                       text62       000000
__Ltext7                        text7        000000
__Ltext8                        text8        000000
__Ltext9                        text9        000000
__S0                            (abs)        30000E
__S1                            (abs)        0001E8
__S2                            (abs)        000000
___awmod                        text62       0071B6
___awmod@counter                cstackCOMRAM 000005
___awmod@dividend               cstackCOMRAM 000001
___awmod@divisor                cstackCOMRAM 000003
___awmod@sign                   cstackCOMRAM 000006
___fladd                        text48       0046C0
___fladd@a                      cstackBANK0  000084
___fladd@aexp                   cstackBANK0  000089
___fladd@b                      cstackBANK0  000080
___fladd@bexp                   cstackBANK0  00008A
___fladd@grs                    cstackBANK0  00008B
___fladd@signs                  cstackBANK0  000088
___fldiv                        text47       005366
___fldiv@a                      cstackCOMRAM 000048
___fldiv@aexp                   cstackCOMRAM 00005C
___fldiv@b                      cstackCOMRAM 000044
___fldiv@bexp                   cstackCOMRAM 00005B
___fldiv@grs                    cstackCOMRAM 000057
___fldiv@new_exp                cstackCOMRAM 000055
___fldiv@rem                    cstackCOMRAM 000050
___fldiv@sign                   cstackCOMRAM 000054
___fleq                         text29       007314
___fleq@ff1                     cstackCOMRAM 00000F
___fleq@ff2                     cstackCOMRAM 000013
___flge                         text39       006EB2
___flge@ff1                     cstackCOMRAM 00000F
___flge@ff2                     cstackCOMRAM 000013
___flmul                        text46       004B82
___flmul@a                      cstackCOMRAM 000013
___flmul@aexp                   cstackCOMRAM 00001C
___flmul@b                      cstackCOMRAM 00000F
___flmul@bexp                   cstackCOMRAM 000021
___flmul@grs                    cstackCOMRAM 00001D
___flmul@prod                   cstackCOMRAM 000022
___flmul@sign                   cstackCOMRAM 00001B
___flmul@temp                   cstackCOMRAM 000026
___flneg                        text38       007AF8
___flneg@f1                     cstackCOMRAM 00000F
___flsub                        text37       007890
___flsub@a                      cstackBANK0  000090
___flsub@b                      cstackBANK0  00008C
___fltol                        text45       006DAC
___fltol@exp1                   cstackCOMRAM 000031
___fltol@f1                     cstackCOMRAM 000028
___fltol@sign1                  cstackCOMRAM 000030
___inthi_sp                     stack        000000
___intlo_sp                     stack        000000
___lmul                         text28       007716
___lmul@multiplicand            cstackCOMRAM 000013
___lmul@multiplier              cstackCOMRAM 00000F
___lmul@product                 cstackCOMRAM 000017
___omul                         text18       007466
___omul@multiplicand            cstackCOMRAM 000017
___omul@multiplier              cstackCOMRAM 00000F
___omul@product                 cstackCOMRAM 00001F
___param_bank                   (abs)        000000
___rparam_used                  (abs)        000001
___sp                           stack        000000
___strtoxll                     text16       00419E
___strtoxll$2254                cstackCOMRAM 00003F
___strtoxll$2255                cstackCOMRAM 000045
___strtoxll$2256                cstackCOMRAM 000041
___strtoxll$2257                cstackCOMRAM 000043
___strtoxll@a                   cstackCOMRAM 000051
___strtoxll@base                cstackCOMRAM 00002B
___strtoxll@c                   cstackCOMRAM 00005B
___strtoxll@conv_done           cstackCOMRAM 000046
___strtoxll@cp                  cstackCOMRAM 000059
___strtoxll@endptr              cstackCOMRAM 000029
___strtoxll@is_signed           cstackCOMRAM 00002D
___strtoxll@limit               cstackCOMRAM 000047
___strtoxll@prev_a              cstackCOMRAM 000037
___strtoxll@s                   cstackCOMRAM 000027
___strtoxll@sign                cstackCOMRAM 00004F
___strtoxll@skip                cstackCOMRAM 000050
___wmul                         text27       007B8C
___wmul@multiplicand            cstackCOMRAM 000011
___wmul@multiplier              cstackCOMRAM 00000F
___wmul@product                 cstackCOMRAM 000013
___xxtofl                       text44       0063F4
___xxtofl@arg                   cstackCOMRAM 000040
___xxtofl@exp                   cstackCOMRAM 00003F
___xxtofl@sign                  cstackCOMRAM 00003E
___xxtofl@val                   cstackCOMRAM 000036
__accesstop                     (abs)        000080
__activetblptr                  (abs)        000002
__end_of_ADC_Init               text59       007C34
__end_of_ADC_Initialize         text54       007C20
__end_of_ADGetString            text58       007C6C
__end_of_CCP1_Initialize        text53       007C4E
__end_of_ClearBuffer            text57       0076A6
__end_of_GetString              text56       007C62
__end_of_Hi_ISR                 intcode_body 007BF4
__end_of_INTERRUPT_Initialize   text52       007C7C
__end_of_Lo_ISR                 intcodelo    00007E
__end_of_MyusartRead            text61       006C92
__end_of_OSCILLATOR_Initialize  text51       007C74
__end_of_PWM_Init               text55       007C42
__end_of_SYSTEM_Initialize      text49       007C0A
__end_of_SetDutyCycleTo         text43       0071B6
__end_of_SetDutyCycleTo2        text42       0070B6
__end_of_UART_Initialize        text50       007B8C
__end_of_WSGetString            text41       007C58
__end_of___awmod                text62       007266
__end_of___fladd                text48       004B82
__end_of___fldiv                text47       005700
__end_of___fleq                 text29       0073BE
__end_of___flge                 text39       006FB6
__end_of___flmul                text46       004FAC
__end_of___flneg                text38       007B30
__end_of___flsub                text37       0078D8
__end_of___fltol                text45       006EB2
__end_of___lmul                 text28       007780
__end_of___omul                 text18       007504
__end_of___strtoxll             text16       0046C0
__end_of___wmul                 text27       007BB2
__end_of___xxtofl               text44       0065A8
__end_of__initialization        cinit        007B56
__end_of_abs                    text40       00799C
__end_of_atoaefg                text20       005C58
__end_of_atoc                   text19       006B70
__end_of_atod                   text14       006080
__end_of_atoi                   text13       0068E6
__end_of_atoo                   text11       00623A
__end_of_atos                   text10       006A3C
__end_of_atou                   text9        005E6C
__end_of_atox                   text8        006756
__end_of_fgetc                  text33       00759A
__end_of_getch                  text34       007C82
__end_of_isalpha                text17       007A16
__end_of_isdigit                text26       007AF8
__end_of_islower                text23       007AC0
__end_of_isspace                text32       007890
__end_of_isupper                text6        007A88
__end_of_isxdigit               text25       007716
__end_of_main                   text0        0059B2
__end_of_nanf                   text24       007BD4
__end_of_roundf                 text36       005366
__end_of_setPeriodTo            text35       0063F4
__end_of_skipws                 text30       007466
__end_of_sscanf                 text2        007A50
__end_of_strcpy                 text1        0079DA
__end_of_strncmp                text7        006DAC
__end_of_strtof                 text21       00419E
__end_of_strtoll                text15       00795C
__end_of_strtoull               text12       00791A
__end_of_toint                  smallconst   000605
__end_of_tolower                text5        0077E0
__end_of_toupper                text22       00783E
__end_of_ungetc                 text31       007622
__end_of_vfscanf                text3        007314
__end_of_vfsfcnvrt              text4        003020
__initialization                cinit        007B30
__mediumconst                   mediumconst  000000
__pbssBANK0                     bssBANK0     0000F7
__pbssBANK1                     bssBANK1     000100
__pbssCOMRAM                    bssCOMRAM    000063
__pcinit                        cinit        007B30
__pcstackBANK0                  cstackBANK0  000080
__pcstackBANK1                  cstackBANK1  0001CC
__pcstackCOMRAM                 cstackCOMRAM 000001
__pintcode                      intcode      000008
__pintcode_body                 intcode_body 007BD4
__pintcodelo                    intcodelo    000018
__psmallconst                   smallconst   000600
__ptext0                        text0        005700
__ptext1                        text1        00799C
__ptext10                       text10       0068E6
__ptext11                       text11       006080
__ptext12                       text12       0078D8
__ptext13                       text13       006756
__ptext14                       text14       005E6C
__ptext15                       text15       00791A
__ptext16                       text16       00419E
__ptext17                       text17       0079DA
__ptext18                       text18       007466
__ptext19                       text19       006A3C
__ptext2                        text2        007A16
__ptext20                       text20       0059B2
__ptext21                       text21       003020
__ptext22                       text22       0077E0
__ptext23                       text23       007A88
__ptext24                       text24       007BB2
__ptext25                       text25       0076A6
__ptext26                       text26       007AC0
__ptext27                       text27       007B8C
__ptext28                       text28       007716
__ptext29                       text29       007314
__ptext3                        text3        007266
__ptext30                       text30       0073BE
__ptext31                       text31       00759A
__ptext32                       text32       00783E
__ptext33                       text33       007504
__ptext34                       text34       007C7C
__ptext35                       text35       00623A
__ptext36                       text36       004FAC
__ptext37                       text37       007890
__ptext38                       text38       007AF8
__ptext39                       text39       006EB2
__ptext4                        text4        0006A8
__ptext40                       text40       00795C
__ptext41                       text41       007C4E
__ptext42                       text42       006FB6
__ptext43                       text43       0070B6
__ptext44                       text44       0063F4
__ptext45                       text45       006DAC
__ptext46                       text46       004B82
__ptext47                       text47       005366
__ptext48                       text48       0046C0
__ptext49                       text49       007BF4
__ptext5                        text5        007780
__ptext50                       text50       007B64
__ptext51                       text51       007C6C
__ptext52                       text52       007C74
__ptext53                       text53       007C42
__ptext54                       text54       007C0A
__ptext55                       text55       007C34
__ptext56                       text56       007C58
__ptext57                       text57       007622
__ptext58                       text58       007C62
__ptext59                       text59       007C20
__ptext6                        text6        007A50
__ptext61                       text61       006B70
__ptext62                       text62       0071B6
__ptext7                        text7        006C92
__ptext8                        text8        0065A8
__ptext9                        text9        005C58
__ramtop                        ramtop       000600
__size_of_ADC_Init              (abs)        000000
__size_of_ADC_Initialize        (abs)        000000
__size_of_ADGetString           (abs)        000000
__size_of_CCP1_Initialize       (abs)        000000
__size_of_ClearBuffer           (abs)        000000
__size_of_GetString             (abs)        000000
__size_of_Hi_ISR                (abs)        000000
__size_of_INTERRUPT_Initialize  (abs)        000000
__size_of_Lo_ISR                (abs)        000000
__size_of_MyusartRead           (abs)        000000
__size_of_OSCILLATOR_Initialize (abs)        000000
__size_of_PWM_Init              (abs)        000000
__size_of_SYSTEM_Initialize     (abs)        000000
__size_of_SetDutyCycleTo        (abs)        000000
__size_of_SetDutyCycleTo2       (abs)        000000
__size_of_UART_Initialize       (abs)        000000
__size_of_WSGetString           (abs)        000000
__size_of___awmod               (abs)        000000
__size_of___fladd               (abs)        000000
__size_of___fldiv               (abs)        000000
__size_of___fleq                (abs)        000000
__size_of___flge                (abs)        000000
__size_of___flmul               (abs)        000000
__size_of___flneg               (abs)        000000
__size_of___flsub               (abs)        000000
__size_of___fltol               (abs)        000000
__size_of___lmul                (abs)        000000
__size_of___omul                (abs)        000000
__size_of___strtoxll            (abs)        000000
__size_of___wmul                (abs)        000000
__size_of___xxtofl              (abs)        000000
__size_of_abs                   (abs)        000000
__size_of_atoaefg               (abs)        000000
__size_of_atoc                  (abs)        000000
__size_of_atod                  (abs)        000000
__size_of_atoi                  (abs)        000000
__size_of_atoo                  (abs)        000000
__size_of_atos                  (abs)        000000
__size_of_atou                  (abs)        000000
__size_of_atox                  (abs)        000000
__size_of_fgetc                 (abs)        000000
__size_of_getch                 (abs)        000000
__size_of_isalpha               (abs)        000000
__size_of_isdigit               (abs)        000000
__size_of_islower               (abs)        000000
__size_of_isspace               (abs)        000000
__size_of_isupper               (abs)        000000
__size_of_isxdigit              (abs)        000000
__size_of_main                  (abs)        000000
__size_of_nanf                  (abs)        000000
__size_of_roundf                (abs)        000000
__size_of_setPeriodTo           (abs)        000000
__size_of_skipws                (abs)        000000
__size_of_sscanf                (abs)        000000
__size_of_strcpy                (abs)        000000
__size_of_strncmp               (abs)        000000
__size_of_strtof                (abs)        000000
__size_of_strtoll               (abs)        000000
__size_of_strtoull              (abs)        000000
__size_of_tolower               (abs)        000000
__size_of_toupper               (abs)        000000
__size_of_ungetc                (abs)        000000
__size_of_vfscanf               (abs)        000000
__size_of_vfsfcnvrt             (abs)        000000
__smallconst                    smallconst   000600
_abs                            text40       00795C
_ad                             bssBANK1     00019C
_ad_double                      bssBANK1     0001C4
_ad_index                       bssBANK0     0000FB
_asup                           bssBANK0     0000F9
_atoaefg                        text20       0059B2
_atoaefg$1750                   cstackBANK0  0000B0
_atoc                           text19       006A3C
_atoc$1728                      cstackCOMRAM 000024
_atoc$1729                      cstackCOMRAM 000026
_atod                           text14       005E6C
_atod$1739                      cstackBANK0  000094
_atoi                           text13       006756
_atoi$2264                      cstackCOMRAM 00001E
_atoi$2265                      cstackCOMRAM 000022
_atoi$2266                      cstackCOMRAM 000020
_atoo                           text11       006080
_atos                           text10       0068E6
_atos$1764                      cstackCOMRAM 00002D
_atos$1765                      cstackCOMRAM 00002F
_atou                           text9        005C58
_atou$1773                      cstackBANK0  000094
_atox                           text8        0065A8
_count                          bssCOMRAM    000069
_dbuf                           bssBANK1     000106
_errno                          bssCOMRAM    000065
_fgetc                          text33       007504
_getch                          text34       007C7C
_isalpha                        text17       0079DA
_isdigit                        text26       007AC0
_islower                        text23       007A88
_isspace                        text32       00783E
_isspace$2074                   cstackCOMRAM 000015
_isupper                        text6        007A50
_isxdigit                       text25       0076A6
_isxdigit$2094                  cstackCOMRAM 000015
_lenStr                         bssCOMRAM    00006D
_main                           text0        005700
_main$2559                      cstackBANK1  0001E2
_mystring                       bssBANK1     000156
_nanf                           text24       007BB2
_ncnv                           bssBANK1     000104
_nmatch                         bssBANK0     0000F7
_roundf                         text36       004FAC
_roundf$2560                    cstackBANK0  0000A2
_roundf$2561                    cstackBANK0  00009C
_setPeriodTo                    text35       00623A
_setPeriodTo$2556               cstackBANK0  0000BA
_skipws                         text30       0073BE
_skipws$1720                    cstackCOMRAM 000020
_skipws$1721                    cstackCOMRAM 000022
_sscanf                         text2        007A16
_start                          bssCOMRAM    00006B
_str                            bssBANK1     000188
_strcpy                         text1        00799C
_strncmp                        text7        006C92
_strtof                         text21       003020
_strtof$2155                    cstackBANK0  000086
_strtof$2156                    cstackBANK0  000096
_strtof$2166                    cstackBANK0  000088
_strtof$2167                    cstackBANK0  00008A
_strtof$2168                    cstackBANK0  00008C
_strtof$2169                    cstackBANK0  00008E
_strtof$2170                    cstackBANK0  000090
_strtof$2171                    cstackBANK0  000092
_strtof$2172                    cstackBANK0  000094
_strtoll                        text15       00791A
_strtoull                       text12       0078D8
_tolower                        text5        007780
_tolower$2213                   cstackCOMRAM 00001B
_toupper                        text22       0077E0
_toupper$2228                   cstackCOMRAM 00001B
_ungetbuf                       bssCOMRAM    000070
_ungetc                         text31       00759A
_ungetcnt                       bssCOMRAM    00006F
_vfscanf                        text3        007266
_vfsfcnvrt                      text4        0006A8
_vfsfcnvrt$1793                 cstackBANK0  0000CC
_vfsfcnvrt$1840                 cstackBANK0  0000CE
_width                          bssCOMRAM    000063
_ws                             bssBANK1     0001B0
_ws_double                      bssBANK1     0001C8
_ws_index                       bssCOMRAM    000067
abs@a                           cstackCOMRAM 000032
atoaefg@c                       cstackBANK0  0000B8
atoaefg@d                       cstackBANK0  0000AA
atoaefg@e                       cstackBANK0  0000AC
atoaefg@ep                      cstackBANK0  0000B4
atoaefg@fp                      cstackBANK0  0000A2
atoaefg@i                       cstackBANK0  0000B6
atoaefg@pld                     cstackBANK0  0000A4
atoaefg@s                       cstackBANK0  0000B2
atoaefg@w                       cstackBANK0  0000AE
atoc@c                          cstackCOMRAM 000029
atoc@fp                         cstackCOMRAM 00001A
atoc@i                          cstackCOMRAM 000027
atoc@s                          cstackCOMRAM 00001C
atoc@w                          cstackCOMRAM 000022
atod@c                          cstackBANK0  000098
atod@ep                         cstackBANK0  000090
atod@fp                         cstackCOMRAM 00005C
atod@i                          cstackBANK0  000096
atod@pll                        cstackCOMRAM 00005E
atod@w                          cstackBANK0  000092
atoi@n                          cstackCOMRAM 000023
atoi@neg                        cstackCOMRAM 00001C
atoi@s                          cstackCOMRAM 000016
atoo@c                          cstackBANK0  000096
atoo@ep                         cstackBANK0  000090
atoo@fp                         cstackCOMRAM 00005C
atoo@i                          cstackBANK0  000094
atoo@pll                        cstackCOMRAM 00005E
atoo@w                          cstackBANK0  000092
atos@c                          cstackCOMRAM 000034
atos@fp                         cstackCOMRAM 000025
atos@i                          cstackCOMRAM 000032
atos@s                          cstackCOMRAM 000027
atos@w                          cstackCOMRAM 000030
atou@c                          cstackBANK0  000098
atou@ep                         cstackBANK0  000090
atou@fp                         cstackCOMRAM 00005C
atou@i                          cstackBANK0  000096
atou@pll                        cstackCOMRAM 00005E
atou@w                          cstackBANK0  000092
atox@c                          cstackBANK0  000094
atox@ep                         cstackBANK0  000090
atox@fp                         cstackCOMRAM 00005C
atox@i                          cstackBANK0  000096
atox@pll                        cstackCOMRAM 00005E
atox@w                          cstackBANK0  000092
btemp                           temp         000071
end_of_initialization           cinit        007B56
fgetc@c                         cstackCOMRAM 000018
fgetc@fp                        cstackCOMRAM 000011
int$flags                       temp         000071
int_func                        intcode_body 007BD4
intlevel0                       text         000000
intlevel1                       text         000000
intlevel2                       text         000000
intlevel3                       text         000000
isalpha@c                       cstackCOMRAM 00000F
isdigit@c                       cstackCOMRAM 00000F
islower@c                       cstackCOMRAM 00000F
isspace@c                       cstackCOMRAM 00000F
isupper@c                       cstackCOMRAM 00000F
isxdigit@c                      cstackCOMRAM 00000F
main@Duty_Scale                 cstackBANK1  0001DE
main@Period                     cstackBANK1  0001DC
main@i                          cstackBANK1  0001E6
nanf@s                          cstackCOMRAM 00000F
nanf@u                          cstackCOMRAM 000013
roundf@F525                     bssBANK1     000100
roundf@e                        cstackBANK0  0000A0
roundf@u                        cstackBANK0  0000A6
roundf@x                        cstackBANK0  000094
roundf@y                        cstackBANK0  0000AA
setPeriodTo@FPWM                cstackBANK0  0000AE
setPeriodTo@TimerPrescaleBits   cstackBANK0  0000C0
setPeriodTo@TimerPrescaleValue  cstackBANK0  0000C2
setPeriodTo@_resolution         cstackBANK0  0000B2
setPeriodTo@period              cstackBANK0  0000C4
skipws@c                        cstackCOMRAM 000023
skipws@fp                       cstackCOMRAM 00001A
sscanf@ap                       cstackBANK1  0001DA
sscanf@f                        cstackBANK1  0001D4
sscanf@fmt                      cstackBANK1  0001CE
sscanf@s                        cstackBANK1  0001CC
stackhi                         (abs)        0005FF
stacklo                         (abs)        0001E8
start                           init         00007E
start_initialization            cinit        007B30
strcpy@d                        cstackCOMRAM 000017
strcpy@dest                     cstackCOMRAM 000011
strcpy@s                        cstackCOMRAM 000015
strcpy@src                      cstackCOMRAM 000013
strncmp@_l                      cstackCOMRAM 00000F
strncmp@_r                      cstackCOMRAM 000011
strncmp@l                       cstackCOMRAM 000016
strncmp@n                       cstackCOMRAM 000013
strncmp@r                       cstackCOMRAM 000018
strtof@_u                       cstackBANK0  00009D
strtof@digit                    cstackBANK0  000097
strtof@eexp                     cstackBANK0  00009B
strtof@expon                    cstackBANK0  000099
strtof@flags                    cstackBANK0  000098
strtof@i                        cstackBANK0  0000A1
strtof@res                      cstackCOMRAM 00005F
strtof@s                        cstackCOMRAM 00005D
strtoll@base                    cstackBANK0  000084
strtoll@endptr                  cstackBANK0  000082
strtoll@s                       cstackBANK0  000080
strtoull@base                   cstackBANK0  000084
strtoull@endptr                 cstackBANK0  000082
strtoull@s                      cstackBANK0  000080
tolower@c                       cstackCOMRAM 000015
toupper@c                       cstackCOMRAM 000015
ttemp5                          temp         000072
ttemp6                          temp         000075
ttemp7                          temp         000079
ungetc@c                        cstackCOMRAM 00000F
ungetc@fp                       cstackCOMRAM 000011
vfscanf@ap                      cstackBANK0  0000F1
vfscanf@cfmt                    cstackBANK0  0000F5
vfscanf@fmt                     cstackBANK0  0000EF
vfscanf@fp                      cstackBANK0  0000ED
vfscanf@n                       cstackBANK0  0000F3
vfsfcnvrt@ap                    cstackBANK0  0000BE
vfsfcnvrt@c                     cstackBANK0  0000D0
vfsfcnvrt@cp                    cstackBANK0  0000C8
vfsfcnvrt@ct                    cstackBANK0  0000D2
vfsfcnvrt@f                     cstackBANK0  0000D5
vfsfcnvrt@fmt                   cstackBANK0  0000BC
vfsfcnvrt@fp                    cstackBANK0  0000BA
vfsfcnvrt@i                     cstackBANK0  0000EB
vfsfcnvrt@ll                    cstackBANK0  0000D9
vfsfcnvrt@llu                   cstackBANK0  0000E1
vfsfcnvrt@pp                    cstackBANK0  0000CA
vfsfcnvrt@vp                    cstackBANK0  0000E9
wtemp8                          temp         000072


FUNCTION INFORMATION:

 *************** function _main *****************
 Defined at:
		line 114 in file "PIC_DC_Motor.c"
 Parameters:    Size  Location     Type
		None
 Auto vars:     Size  Location     Type
  i               2   26[BANK1 ] int 
  Duty_Scale      4   18[BANK1 ] float 
  Period          2   16[BANK1 ] int 
 Return value:  Size  Location     Type
                  1    wreg      void 
 Registers used:
		wreg, fsr1l, fsr1h, fsr2l, fsr2h, status,2, status,0, tblptrl, tblptrh, tblptru, prodl, prodh, cstack
 Tracked objects:
		On entry : 
		On exit  : 
		Unchanged: 
 Data sizes:     COMRAM   BANK0   BANK1   BANK2   BANK3   BANK4   BANK5
      Params:         0       0       0       0       0       0       0
      Locals:         0       0      12       0       0       0       0
      Temps:          0       0       0       0       0       0       0
      Totals:         0       0      12       0       0       0       0
Total ram usage:       12 bytes
 Hardware stack levels required when called:   12
 This function calls:
		_ADC_Init
		_ADGetString
		_ClearBuffer
		_GetString
		_PWM_Init
		_SYSTEM_Initialize
		_SetDutyCycleTo
		_SetDutyCycleTo2
		_WSGetString
		___fldiv
		___flmul
		___fltol
		___xxtofl
		_abs
		_setPeriodTo
		_sscanf
		_strcpy
 This function is called by:
		Startup code after reset
 This function uses a non-reentrant model


 *************** function _strcpy *****************
 Defined at:
		line 3 in file "C:\Program Files (x86)\Microchip\xc8\v2.10\pic\sources\c99\common\strcpy.c"
 Parameters:    Size  Location     Type
  dest            2   16[COMRAM] PTR unsigned char 
		 -> str(20), 
  src             2   18[COMRAM] PTR const unsigned char 
		 -> mystring(50), 
 Auto vars:     Size  Location     Type
  d               2   22[COMRAM] PTR unsigned char 
		 -> str(20), 
  s               2   20[COMRAM] PTR const unsigned char 
		 -> mystring(50), 
 Return value:  Size  Location     Type
                  2   16[COMRAM] PTR unsigned char 
 Registers used:
		wreg, fsr1l, fsr1h, fsr2l, fsr2h, status,2, status,0
 Tracked objects:
		On entry : 
		On exit  : 
		Unchanged: 
 Data sizes:     COMRAM   BANK0   BANK1   BANK2   BANK3   BANK4   BANK5
      Params:         4       0       0       0       0       0       0
      Locals:         4       0       0       0       0       0       0
      Temps:          0       0       0       0       0       0       0
      Totals:         8       0       0       0       0       0       0
Total ram usage:        8 bytes
 Hardware stack levels used:    1
 Hardware stack levels required when called:    4
 This function calls:
		Nothing
 This function is called by:
		_main
 This function uses a non-reentrant model


 *************** function _sscanf *****************
 Defined at:
		line 9 in file "C:\Program Files (x86)\Microchip\xc8\v2.10\pic\sources\c99\common\nf_sscanf.c"
 Parameters:    Size  Location     Type
  s               2    0[BANK1 ] PTR const unsigned char 
		 -> ad(20), ws(20), 
  fmt             2    2[BANK1 ] PTR const unsigned char 
		 -> STR_2(4), STR_1(4), 
 Auto vars:     Size  Location     Type
  f               6    8[BANK1 ] struct _IO_FILE
  ap              2   14[BANK1 ] PTR void [1]
		 -> ?_sscanf(2), 
  ret             2    0        int 
 Return value:  Size  Location     Type
                  2    0[BANK1 ] int 
 Registers used:
		wreg, fsr1l, fsr1h, fsr2l, fsr2h, status,2, status,0, tblptrl, tblptrh, tblptru, prodl, prodh, cstack
 Tracked objects:
		On entry : 
		On exit  : 
		Unchanged: 
 Data sizes:     COMRAM   BANK0   BANK1   BANK2   BANK3   BANK4   BANK5
      Params:         0       0       6       0       0       0       0
      Locals:         0       0      10       0       0       0       0
      Temps:          0       0       0       0       0       0       0
      Totals:         0       0      16       0       0       0       0
Total ram usage:       16 bytes
 Hardware stack levels used:    1
 Hardware stack levels required when called:   11
 This function calls:
		_vfscanf
 This function is called by:
		_main
 This function uses a non-reentrant model


 *************** function _vfscanf *****************
 Defined at:
		line 1054 in file "C:\Program Files (x86)\Microchip\xc8\v2.10\pic\sources\c99\common\doscan.c"
 Parameters:    Size  Location     Type
  fp              2  109[BANK0 ] PTR struct _IO_FILE
		 -> sscanf@f(6), 
  fmt             2  111[BANK0 ] PTR const unsigned char 
		 -> STR_2(4), STR_1(4), 
  ap              2  113[BANK0 ] PTR PTR void 
		 -> sscanf@ap(2), 
 Auto vars:     Size  Location     Type
  cfmt            2  117[BANK0 ] PTR unsigned char 
		 -> STR_2(4), STR_1(4), 
  n               2  115[BANK0 ] int 
 Return value:  Size  Location     Type
                  2  109[BANK0 ] int 
 Registers used:
		wreg, fsr1l, fsr1h, fsr2l, fsr2h, status,2, status,0, tblptrl, tblptrh, tblptru, prodl, prodh, cstack
 Tracked objects:
		On entry : 
		On exit  : 
		Unchanged: 
 Data sizes:     COMRAM   BANK0   BANK1   BANK2   BANK3   BANK4   BANK5
      Params:         0       6       0       0       0       0       0
      Locals:         0       4       0       0       0       0       0
      Temps:          0       0       0       0       0       0       0
      Totals:         0      10       0       0       0       0       0
Total ram usage:       10 bytes
 Hardware stack levels used:    1
 Hardware stack levels required when called:   10
 This function calls:
		_vfsfcnvrt
 This function is called by:
		_sscanf
 This function uses a non-reentrant model


 *************** function _vfsfcnvrt *****************
 Defined at:
		line 363 in file "C:\Program Files (x86)\Microchip\xc8\v2.10\pic\sources\c99\common\doscan.c"
 Parameters:    Size  Location     Type
  fp              2   58[BANK0 ] PTR struct _IO_FILE
		 -> sscanf@f(6), 
  fmt             2   60[BANK0 ] PTR PTR unsigned char 
		 -> vfscanf@cfmt(2), 
  ap              2   62[BANK0 ] PTR PTR void 
		 -> sscanf@ap(2), 
 Auto vars:     Size  Location     Type
  pp              2   74[BANK0 ] PTR unsigned long 
		 -> ?_sscanf(2), ad_double(4), ws_double(4), 
  llu             8   97[BANK0 ] unsigned long long 
  ll              8   89[BANK0 ] long long 
  f               4   85[BANK0 ] long long 
  ct              3   82[BANK0 ] unsigned char [3]
  i               2  107[BANK0 ] int 
  vp              2  105[BANK0 ] PTR void 
		 -> ?_sscanf(2), ad_double(4), ws_double(4), 
  c               2   80[BANK0 ] int 
  cp              2   72[BANK0 ] PTR unsigned char 
		 -> ?_sscanf(2), ad_double(4), ws_double(4), 
 Return value:  Size  Location     Type
                  2   58[BANK0 ] int 
 Registers used:
		wreg, fsr1l, fsr1h, fsr2l, fsr2h, status,2, status,0, tblptrl, tblptrh, tblptru, prodl, prodh, cstack
 Tracked objects:
		On entry : 
		On exit  : 
		Unchanged: 
 Data sizes:     COMRAM   BANK0   BANK1   BANK2   BANK3   BANK4   BANK5
      Params:         0       6       0       0       0       0       0
      Locals:         0      37       0       0       0       0       0
      Temps:          0       8       0       0       0       0       0
      Totals:         0      51       0       0       0       0       0
Total ram usage:       51 bytes
 Hardware stack levels used:    1
 Hardware stack levels required when called:    9
 This function calls:
		_atoaefg
		_atoc
		_atod
		_atoi
		_atoo
		_atos
		_atou
		_atox
		_fgetc
		_isdigit
		_isupper
		_strncmp
		_tolower
		_ungetc
 This function is called by:
		_vfscanf
 This function uses a non-reentrant model


 *************** function _tolower *****************
 Defined at:
		line 4 in file "C:\Program Files (x86)\Microchip\xc8\v2.10\pic\sources\c99\common\tolower.c"
 Parameters:    Size  Location     Type
  c               2   20[COMRAM] int 
 Auto vars:     Size  Location     Type
		None
 Return value:  Size  Location     Type
                  2   20[COMRAM] int 
 Registers used:
		wreg, status,2, status,0
 Tracked objects:
		On entry : 
		On exit  : 
		Unchanged: 
 Data sizes:     COMRAM   BANK0   BANK1   BANK2   BANK3   BANK4   BANK5
      Params:         2       0       0       0       0       0       0
      Locals:         2       0       0       0       0       0       0
      Temps:          4       0       0       0       0       0       0
      Totals:         8       0       0       0       0       0       0
Total ram usage:        8 bytes
 Hardware stack levels used:    1
 Hardware stack levels required when called:    5
 This function calls:
		_isupper
 This function is called by:
		_vfsfcnvrt
 This function uses a non-reentrant model


 *************** function _isupper *****************
 Defined at:
		line 5 in file "C:\Program Files (x86)\Microchip\xc8\v2.10\pic\sources\c99\common\isupper.c"
 Parameters:    Size  Location     Type
  c               2   14[COMRAM] int 
 Auto vars:     Size  Location     Type
		None
 Return value:  Size  Location     Type
                  2   14[COMRAM] int 
 Registers used:
		wreg, status,2, status,0
 Tracked objects:
		On entry : 
		On exit  : 
		Unchanged: 
 Data sizes:     COMRAM   BANK0   BANK1   BANK2   BANK3   BANK4   BANK5
      Params:         2       0       0       0       0       0       0
      Locals:         0       0       0       0       0       0       0
      Temps:          4       0       0       0       0       0       0
      Totals:         6       0       0       0       0       0       0
Total ram usage:        6 bytes
 Hardware stack levels used:    1
 Hardware stack levels required when called:    4
 This function calls:
		Nothing
 This function is called by:
		_vfsfcnvrt
		_tolower
 This function uses a non-reentrant model


 *************** function _strncmp *****************
 Defined at:
		line 3 in file "C:\Program Files (x86)\Microchip\xc8\v2.10\pic\sources\c99\common\strncmp.c"
 Parameters:    Size  Location     Type
  _l              2   14[COMRAM] PTR const unsigned char 
		 -> vfsfcnvrt@ct(3), STR_2(4), STR_1(4), 
  _r              2   16[COMRAM] PTR const unsigned char 
		 -> STR_248(3), STR_244(3), STR_239(3), STR_235(3), 
		 -> STR_230(3), STR_226(3), STR_221(4), STR_217(4), 
		 -> STR_212(3), STR_208(3), STR_203(3), STR_199(3), 
		 -> STR_194(4), STR_190(4), STR_185(3), STR_180(3), 
		 -> STR_175(3), STR_170(4), STR_165(3), STR_160(3), 
		 -> STR_155(4), STR_150(3), STR_145(3), STR_140(3), 
		 -> STR_135(4), STR_130(3), STR_125(3), STR_120(4), 
		 -> STR_115(3), STR_110(3), STR_105(3), STR_100(4), 
		 -> STR_95(3), STR_90(3), STR_85(4), STR_80(3), 
		 -> STR_76(3), STR_72(3), STR_68(3), STR_63(3), 
		 -> STR_59(3), STR_54(3), STR_50(3), STR_45(3), 
		 -> STR_41(3), STR_36(4), STR_32(4), STR_27(3), 
		 -> STR_23(3), STR_18(3), STR_14(3), STR_9(4), 
		 -> STR_5(4), 
  n               2   18[COMRAM] unsigned int 
 Auto vars:     Size  Location     Type
  r               2   23[COMRAM] PTR const unsigned char 
		 -> STR_248(3), STR_244(3), STR_239(3), STR_235(3), 
		 -> STR_230(3), STR_226(3), STR_221(4), STR_217(4), 
		 -> STR_212(3), STR_208(3), STR_203(3), STR_199(3), 
		 -> STR_194(4), STR_190(4), STR_185(3), STR_180(3), 
		 -> STR_175(3), STR_170(4), STR_165(3), STR_160(3), 
		 -> STR_155(4), STR_150(3), STR_145(3), STR_140(3), 
		 -> STR_135(4), STR_130(3), STR_125(3), STR_120(4), 
		 -> STR_115(3), STR_110(3), STR_105(3), STR_100(4), 
		 -> STR_95(3), STR_90(3), STR_85(4), STR_80(3), 
		 -> STR_76(3), STR_72(3), STR_68(3), STR_63(3), 
		 -> STR_59(3), STR_54(3), STR_50(3), STR_45(3), 
		 -> STR_41(3), STR_36(4), STR_32(4), STR_27(3), 
		 -> STR_23(3), STR_18(3), STR_14(3), STR_9(4), 
		 -> STR_5(4), 
  l               2   21[COMRAM] PTR const unsigned char 
		 -> vfsfcnvrt@ct(3), STR_2(4), STR_1(4), 
 Return value:  Size  Location     Type
                  2   14[COMRAM] int 
 Registers used:
		wreg, fsr1l, fsr1h, status,2, status,0, tblptrl, tblptrh, tblptru
 Tracked objects:
		On entry : 
		On exit  : 
		Unchanged: 
 Data sizes:     COMRAM   BANK0   BANK1   BANK2   BANK3   BANK4   BANK5
      Params:         6       0       0       0       0       0       0
      Locals:         4       0       0       0       0       0       0
      Temps:          1       0       0       0       0       0       0
      Totals:        11       0       0       0       0       0       0
Total ram usage:       11 bytes
 Hardware stack levels used:    1
 Hardware stack levels required when called:    4
 This function calls:
		Nothing
 This function is called by:
		_vfsfcnvrt
[...]
 Registers used:
		wreg, status,2
 Tracked objects:
		On entry : 
		On exit  : 
		Unchanged: 
 Data sizes:     COMRAM   BANK0   BANK1   BANK2   BANK3   BANK4   BANK5
      Params:         0       0       0       0       0       0       0
      Locals:         0       0       0       0       0       0       0
      Temps:          0       0       0       0       0       0       0
      Totals:         0       0       0       0       0       0       0
Total ram usage:        0 bytes
 Hardware stack levels used:    1
 Hardware stack levels required when called:    4
 This function calls:
		Nothing
 This function is called by:
		_SYSTEM_Initialize
 This function uses a non-reentrant model


 *************** function _PWM_Init *****************
 Defined at:
		line 45 in file "PIC_DC_Motor.c"
 Parameters:    Size  Location     Type
		None
 Auto vars:     Size  Location     Type
		None
 Return value:  Size  Location     Type
                  1    wreg      void 
 Registers used:
		wreg, status,2
 Tracked objects:
		On entry : 
		On exit  : 
		Unchanged: 
 Data sizes:     COMRAM   BANK0   BANK1   BANK2   BANK3   BANK4   BANK5
      Params:         0       0       0       0       0       0       0
      Locals:         0       0       0       0       0       0       0
      Temps:          0       0       0       0       0       0       0
      Totals:         0       0       0       0       0       0       0
Total ram usage:        0 bytes
 Hardware stack levels used:    1
 Hardware stack levels required when called:    4
 This function calls:
		Nothing
 This function is called by:
		_main
 This function uses a non-reentrant model


 *************** function _GetString *****************
 Defined at:
		line 52 in file "setting_hardaware/uart.c"
 Parameters:    Size  Location     Type
		None
 Auto vars:     Size  Location     Type
		None
 Return value:  Size  Location     Type
                  2   14[COMRAM] PTR unsigned char 
 Registers used:
		wreg, status,2, status,0
 Tracked objects:
		On entry : 
		On exit  : 
		Unchanged: 
 Data sizes:     COMRAM   BANK0   BANK1   BANK2   BANK3   BANK4   BANK5
      Params:         2       0       0       0       0       0       0
      Locals:         0       0       0       0       0       0       0
      Temps:          0       0       0       0       0       0       0
      Totals:         2       0       0       0       0       0       0
Total ram usage:        2 bytes
 Hardware stack levels used:    1
 Hardware stack levels required when called:    4
 This function calls:
		Nothing
 This function is called by:
		_main
 This function uses a non-reentrant model


 *************** function _ClearBuffer *****************
 Defined at:
		line 67 in file "setting_hardaware/uart.c"
 Parameters:    Size  Location     Type
		None
 Auto vars:     Size  Location     Type
  i               2   14[COMRAM] int 
 Return value:  Size  Location     Type
                  1    wreg      void 
 Registers used:
		wreg, fsr2l, fsr2h, status,2, status,0
 Tracked objects:
		On entry : 
		On exit  : 
		Unchanged: 
 Data sizes:     COMRAM   BANK0   BANK1   BANK2   BANK3   BANK4   BANK5
      Params:         0       0       0       0       0       0       0
      Locals:         2       0       0       0       0       0       0
      Temps:          0       0       0       0       0       0       0
      Totals:         2       0       0       0       0       0       0
Total ram usage:        2 bytes
 Hardware stack levels used:    1
 Hardware stack levels required when called:    4
 This function calls:
		Nothing
 This function is called by:
		_main
 This function uses a non-reentrant model


 *************** function _ADGetString *****************
 Defined at:
		line 58 in file "setting_hardaware/uart.c"
 Parameters:    Size  Location     Type
		None
 Auto vars:     Size  Location     Type
		None
 Return value:  Size  Location     Type
                  2   14[COMRAM] PTR unsigned char 
 Registers used:
		wreg, status,2, status,0
 Tracked objects:
		On entry : 
		On exit  : 
		Unchanged: 
 Data sizes:     COMRAM   BANK0   BANK1   BANK2   BANK3   BANK4   BANK5
      Params:         2       0       0       0       0       0       0
      Locals:         0       0       0       0       0       0       0
      Temps:          0       0       0       0       0       0       0
      Totals:         2       0       0       0       0       0       0
Total ram usage:        2 bytes
 Hardware stack levels used:    1
 Hardware stack levels required when called:    4
 This function calls:
		Nothing
 This function is called by:
		_main
 This function uses a non-reentrant model


 *************** function _ADC_Init *****************
 Defined at:
		line 7 in file "ADC_Source_File.c"
 Parameters:    Size  Location     Type
		None
 Auto vars:     Size  Location     Type
		None
 Return value:  Size  Location     Type
                  1    wreg      void 
 Registers used:
		wreg, status,2
 Tracked objects:
		On entry : 
		On exit  : 
		Unchanged: 
 Data sizes:     COMRAM   BANK0   BANK1   BANK2   BANK3   BANK4   BANK5
      Params:         0       0       0       0       0       0       0
      Locals:         0       0       0       0       0       0       0
      Temps:          0       0       0       0       0       0       0
      Totals:         0       0       0       0       0       0       0
Total ram usage:        0 bytes
 Hardware stack levels used:    1
 Hardware stack levels required when called:    4
 This function calls:
		Nothing
 This function is called by:
		_main
 This function uses a non-reentrant model


 *************** function _Lo_ISR *****************
 Defined at:
		line 115 in file "setting_hardaware/uart.c"
 Parameters:    Size  Location     Type
		None
 Auto vars:     Size  Location     Type
		None
 Return value:  Size  Location     Type
                  1    wreg      void 
 Registers used:
		wreg, fsr1l, fsr1h, fsr2l, fsr2h, status,2, status,0, cstack
 Tracked objects:
		On entry : 
		On exit  : 
		Unchanged: 
 Data sizes:     COMRAM   BANK0   BANK1   BANK2   BANK3   BANK4   BANK5
      Params:         0       0       0       0       0       0       0
      Locals:         0       0       0       0       0       0       0
      Temps:          7       0       0       0       0       0       0
      Totals:         7       0       0       0       0       0       0
Total ram usage:        7 bytes
 Hardware stack levels used:    1
 Hardware stack levels required when called:    3
 This function calls:
		_MyusartRead
 This function is called by:
		Interrupt level 1
 This function uses a non-reentrant model


 *************** function _MyusartRead *****************
 Defined at:
		line 80 in file "setting_hardaware/uart.c"
 Parameters:    Size  Location     Type
		None
 Auto vars:     Size  Location     Type
		None
 Return value:  Size  Location     Type
                  1    wreg      void 
 Registers used:
		wreg, fsr1l, fsr1h, fsr2l, fsr2h, status,2, status,0, cstack
 Tracked objects:
		On entry : 
		On exit  : 
		Unchanged: 
 Data sizes:     COMRAM   BANK0   BANK1   BANK2   BANK3   BANK4   BANK5
      Params:         0       0       0       0       0       0       0
      Locals:         0       0       0       0       0       0       0
      Temps:          1       0       0       0       0       0       0
      Totals:         1       0       0       0       0       0       0
Total ram usage:        1 bytes
 Hardware stack levels used:    1
 Hardware stack levels required when called:    2
 This function calls:
		___awmod
 This function is called by:
		_Lo_ISR
 This function uses a non-reentrant model


 *************** function ___awmod *****************
 Defined at:
		line 7 in file "C:\Program Files (x86)\Microchip\xc8\v2.10\pic\sources\c99\common\awmod.c"
 Parameters:    Size  Location     Type
  dividend        2    0[COMRAM] int 
  divisor         2    2[COMRAM] int 
 Auto vars:     Size  Location     Type
  sign            1    5[COMRAM] unsigned char 
  counter         1    4[COMRAM] unsigned char 
 Return value:  Size  Location     Type
                  2    0[COMRAM] int 
 Registers used:
		wreg, status,2, status,0
 Tracked objects:
		On entry : 
		On exit  : 
		Unchanged: 
 Data sizes:     COMRAM   BANK0   BANK1   BANK2   BANK3   BANK4   BANK5
      Params:         4       0       0       0       0       0       0
      Locals:         2       0       0       0       0       0       0
      Temps:          0       0       0       0       0       0       0
      Totals:         6       0       0       0       0       0       0
Total ram usage:        6 bytes
 Hardware stack levels used:    1
 Hardware stack levels required when called:    1
 This function calls:
		Nothing
 This function is called by:
		_MyusartRead
 This function uses a non-reentrant model


 *************** function _Hi_ISR *****************
 Defined at:
		line 158 in file "PIC_DC_Motor.c"
 Parameters:    Size  Location     Type
		None
 Auto vars:     Size  Location     Type
		None
 Return value:  Size  Location     Type
                  1    wreg      void 
 Registers used:
		wreg, status,2
 Tracked objects:
		On entry : 
		On exit  : 
		Unchanged: 
 Data sizes:     COMRAM   BANK0   BANK1   BANK2   BANK3   BANK4   BANK5
      Params:         0       0       0       0       0       0       0
      Locals:         0       0       0       0       0       0       0
      Temps:          0       0       0       0       0       0       0
      Totals:         0       0       0       0       0       0       0
Total ram usage:        0 bytes
 Hardware stack levels used:    1
 This function calls:
		Nothing
 This function is called by:
		Interrupt level 2
 This function uses a non-reentrant model



MODULE INFORMATION

Module		Function		Class		Link	Load	Size
C:\Program Files (x86)\Microchip\xc8\v2.10\pic\sources\c99\common\getch.c
		_getch         		CODE           	7C7C	0000	7

C:\Program Files (x86)\Microchip\xc8\v2.10\pic\sources\c99\common\getch.c estimated size: 7

C:\Program Files (x86)\Microchip\xc8\v2.10\pic\sources\c99\common\roundf.c
		_roundf        		CODE           	4FAC	0000	955

C:\Program Files (x86)\Microchip\xc8\v2.10\pic\sources\c99\common\roundf.c estimated size: 955

C:\Program Files (x86)\Microchip\xc8\v2.10\pic\sources\c99\common\atoi.c
		_atoi          		CODE           	6756	0000	401

C:\Program Files (x86)\Microchip\xc8\v2.10\pic\sources\c99\common\atoi.c estimated size: 401

ADC_Source_File.c
		_ADC_Init      		CODE           	7C20	0000	21

ADC_Source_File.c estimated size: 21

C:\Program Files (x86)\Microchip\xc8\v2.10\pic\sources\c99\common\islower.c
		_islower       		CODE           	7A88	0000	57

C:\Program Files (x86)\Microchip\xc8\v2.10\pic\sources\c99\common\islower.c estimated size: 57

C:\Program Files (x86)\Microchip\xc8\v2.10\pic\sources\c99\common\fleq.c
		___fleq        		CODE           	7314	0000	171

C:\Program Files (x86)\Microchip\xc8\v2.10\pic\sources\c99\common\fleq.c estimated size: 171

C:\Program Files (x86)\Microchip\xc8\v2.10\pic\sources\c99\common\Umul32.c
		___lmul        		CODE           	7716	0000	107

C:\Program Files (x86)\Microchip\xc8\v2.10\pic\sources\c99\common\Umul32.c estimated size: 107

setting_hardaware/interrupt_manager.c
		_INTERRUPT_Initialize		CODE           	7C74	0000	9

setting_hardaware/interrupt_manager.c estimated size: 9

C:\Program Files (x86)\Microchip\xc8\v2.10\pic\sources\c99\common\isxdigit.c
		_isxdigit      		CODE           	76A6	0000	113

C:\Program Files (x86)\Microchip\xc8\v2.10\pic\sources\c99\common\isxdigit.c estimated size: 113

C:\Program Files (x86)\Microchip\xc8\v2.10\pic\sources\c99\common\strtoull.c
		_strtoull      		CODE           	78D8	0000	67

C:\Program Files (x86)\Microchip\xc8\v2.10\pic\sources\c99\common\strtoull.c estimated size: 67

C:\Program Files (x86)\Microchip\xc8\v2.10\pic\sources\c99\common\xxtofl.c
		___xxtofl      		CODE           	63F4	0000	437

C:\Program Files (x86)\Microchip\xc8\v2.10\pic\sources\c99\common\xxtofl.c estimated size: 437

C:\Program Files (x86)\Microchip\xc8\v2.10\pic\sources\c99\common\toupper.c
		_toupper       		CODE           	77E0	0000	95

C:\Program Files (x86)\Microchip\xc8\v2.10\pic\sources\c99\common\toupper.c estimated size: 95

C:\Program Files (x86)\Microchip\xc8\v2.10\pic\sources\c99\common\isalpha.c
		_isalpha       		CODE           	79DA	0000	61

C:\Program Files (x86)\Microchip\xc8\v2.10\pic\sources\c99\common\isalpha.c estimated size: 61

C:\Program Files (x86)\Microchip\xc8\v2.10\pic\sources\c99\common\isspace.c
		_isspace       		CODE           	783E	0000	83

C:\Program Files (x86)\Microchip\xc8\v2.10\pic\sources\c99\common\isspace.c estimated size: 83

C:\Program Files (x86)\Microchip\xc8\v2.10\pic\sources\c99\common\fltol.c
		___fltol       		CODE           	6DAC	0000	263

C:\Program Files (x86)\Microchip\xc8\v2.10\pic\sources\c99\common\fltol.c estimated size: 263

setting_hardaware/uart.c
		_Lo_ISR        		CODE           	0018	0000	103
		_MyusartRead   		CODE           	6B70	0000	291
		_ADGetString   		CODE           	7C62	0000	11
		_GetString     		CODE           	7C58	0000	11
		_ClearBuffer   		CODE           	7622	0000	133
		_UART_Initialize		CODE           	7B64	0000	41
		_WSGetString   		CODE           	7C4E	0000	11

setting_hardaware/uart.c estimated size: 601

C:\Program Files (x86)\Microchip\xc8\v2.10\pic\sources\c99\common\strtoll.c
		_strtoll       		CODE           	791A	0000	67

C:\Program Files (x86)\Microchip\xc8\v2.10\pic\sources\c99\common\strtoll.c estimated size: 67

C:\Program Files (x86)\Microchip\xc8\v2.10\pic\sources\c99\common\strcpy.c
		_strcpy        		CODE           	799C	0000	63

C:\Program Files (x86)\Microchip\xc8\v2.10\pic\sources\c99\common\strcpy.c estimated size: 63

C:\Program Files (x86)\Microchip\xc8\v2.10\pic\sources\c99\common\tolower.c
		_tolower       		CODE           	7780	0000	97

C:\Program Files (x86)\Microchip\xc8\v2.10\pic\sources\c99\common\tolower.c estimated size: 97

C:\Program Files (x86)\Microchip\xc8\v2.10\pic\sources\c99\common\strncmp.c
		_strncmp       		CODE           	6C92	0000	283

C:\Program Files (x86)\Microchip\xc8\v2.10\pic\sources\c99\common\strncmp.c estimated size: 283

C:\Program Files (x86)\Microchip\xc8\v2.10\pic\sources\c99\common\sprcmul.c
		___flmul       		CODE           	4B82	0000	1067

C:\Program Files (x86)\Microchip\xc8\v2.10\pic\sources\c99\common\sprcmul.c estimated size: 1067

PIC_DC_Motor.c
		_setPeriodTo   		CODE           	623A	0000	443
		_main          		CODE           	5700	0000	691
		_SetDutyCycleTo		CODE           	70B6	0000	257
		_SetDutyCycleTo2		CODE           	6FB6	0000	257
		_PWM_Init      		CODE           	7C34	0000	15
		_Hi_ISR        		CODE           	0008	0000	39

PIC_DC_Motor.c estimated size: 1702

C:\Program Files (x86)\Microchip\xc8\v2.10\pic\sources\c99\common\sprcdiv.c
		___fldiv       		CODE           	5366	0000	923

C:\Program Files (x86)\Microchip\xc8\v2.10\pic\sources\c99\common\sprcdiv.c estimated size: 923

setting_hardaware/ccp1.c
		_CCP1_Initialize		CODE           	7C42	0000	13

setting_hardaware/ccp1.c estimated size: 13

setting_hardaware/adc.c
		_ADC_Initialize		CODE           	7C0A	0000	23

setting_hardaware/adc.c estimated size: 23

C:\Program Files (x86)\Microchip\xc8\v2.10\pic\sources\c99\common\__strtoxll.c
		___strtoxll    		CODE           	419E	0000	1315

C:\Program Files (x86)\Microchip\xc8\v2.10\pic\sources\c99\common\__strtoxll.c estimated size: 1315

C:\Program Files (x86)\Microchip\xc8\v2.10\pic\sources\c99\common\strtof.c
		_strtof        		CODE           	3020	0000	4479

C:\Program Files (x86)\Microchip\xc8\v2.10\pic\sources\c99\common\strtof.c estimated size: 4479

C:\Program Files (x86)\Microchip\xc8\v2.10\pic\sources\c99\common\flge.c
		___flge        		CODE           	6EB2	0000	261

C:\Program Files (x86)\Microchip\xc8\v2.10\pic\sources\c99\common\flge.c estimated size: 261

C:\Program Files (x86)\Microchip\xc8\v2.10\pic\sources\c99\common\flneg.c
		___flneg       		CODE           	7AF8	0000	57

C:\Program Files (x86)\Microchip\xc8\v2.10\pic\sources\c99\common\flneg.c estimated size: 57

shared
		__initialization		CODE           	7B30	0000	39
		_toint         		SMALLCONST     	0000	0000	0

shared estimated size: 39

C:\Program Files (x86)\Microchip\xc8\v2.10\pic\sources\c99\common\isdigit.c
		_isdigit       		CODE           	7AC0	0000	57

C:\Program Files (x86)\Microchip\xc8\v2.10\pic\sources\c99\common\isdigit.c estimated size: 57

C:\Program Files (x86)\Microchip\xc8\v2.10\pic\sources\c99\common\sprcadd.c
		___flsub       		CODE           	7890	0000	73
		___fladd       		CODE           	46C0	0000	1219

C:\Program Files (x86)\Microchip\xc8\v2.10\pic\sources\c99\common\sprcadd.c estimated size: 1292

setting_hardaware/setting.c
		_OSCILLATOR_Initialize		CODE           	7C6C	0000	9
		_SYSTEM_Initialize		CODE           	7BF4	0000	23

setting_hardaware/setting.c estimated size: 32

C:\Program Files (x86)\Microchip\xc8\v2.10\pic\sources\c99\common\doscan.c
		_atoaefg       		CODE           	59B2	0000	679
		_atos          		CODE           	68E6	0000	343
		_vfsfcnvrt     		CODE           	06A8	0000	10617
		_atou          		CODE           	5C58	0000	533
		_vfscanf       		CODE           	7266	0000	175
		_atox          		CODE           	65A8	0000	431
		_skipws        		CODE           	73BE	0000	169
		_atoc          		CODE           	6A3C	0000	309
		_atoo          		CODE           	6080	0000	443
		_atod          		CODE           	5E6C	0000	533

C:\Program Files (x86)\Microchip\xc8\v2.10\pic\sources\c99\common\doscan.c estimated size: 14232

C:\Program Files (x86)\Microchip\xc8\v2.10\pic\sources\c99\common\nf_sscanf.c
		_sscanf        		CODE           	7A16	0000	59

C:\Program Files (x86)\Microchip\xc8\v2.10\pic\sources\c99\common\nf_sscanf.c estimated size: 59

C:\Program Files (x86)\Microchip\xc8\v2.10\pic\sources\c99\common\abs.c
		_abs           		CODE           	795C	0000	65

C:\Program Files (x86)\Microchip\xc8\v2.10\pic\sources\c99\common\abs.c estimated size: 65

C:\Program Files (x86)\Microchip\xc8\v2.10\pic\sources\c99\common\Umul64.c
		___omul        		CODE           	7466	0000	159

C:\Program Files (x86)\Microchip\xc8\v2.10\pic\sources\c99\common\Umul64.c estimated size: 159

C:\Program Files (x86)\Microchip\xc8\v2.10\pic\sources\c99\common\Umul16.c
		___wmul        		CODE           	7B8C	0000	39

C:\Program Files (x86)\Microchip\xc8\v2.10\pic\sources\c99\common\Umul16.c estimated size: 39

C:\Program Files (x86)\Microchip\xc8\v2.10\pic\sources\c99\common\nf_getc.c
		_fgetc         		CODE           	7504	0000	151
		_ungetc        		CODE           	759A	0000	137

C:\Program Files (x86)\Microchip\xc8\v2.10\pic\sources\c99\common\nf_getc.c estimated size: 288

C:\Program Files (x86)\Microchip\xc8\v2.10\pic\sources\c99\common\nanf.c
		_nanf          		CODE           	7BB2	0000	35

C:\Program Files (x86)\Microchip\xc8\v2.10\pic\sources\c99\common\nanf.c estimated size: 35

C:\Program Files (x86)\Microchip\xc8\v2.10\pic\sources\c99\common\awmod.c
		___awmod       		CODE           	71B6	0000	177

C:\Program Files (x86)\Microchip\xc8\v2.10\pic\sources\c99\common\awmod.c estimated size: 177

C:\Program Files (x86)\Microchip\xc8\v2.10\pic\sources\c99\common\isupper.c
		_isupper       		CODE           	7A50	0000	57

C:\Program Files (x86)\Microchip\xc8\v2.10\pic\sources\c99\common\isupper.c estimated size: 57

